#All required rosdeps installed successfully
Starting >>> hik_camera
[ 50%] Built target backend_test
[100%] Built target camera_node
-- Install configuration: "Release"
-- Up-to-date: /home/zym/ros2-kit/ros2_ws/install/hik_camera/lib/hik_camera/camera_node
-- Up-to-date: /home/zym/ros2-kit/ros2_ws/install/hik_camera/share/hik_camera/launch
-- Up-to-date: /home/zym/ros2-kit/ros2_ws/install/hik_camera/share/hik_camera/launch/camera.launch.py
-- Up-to-date: /home/zym/ros2-kit/ros2_ws/install/hik_camera/share/hik_camera/config
-- Up-to-date: /home/zym/ros2-kit/ros2_ws/install/hik_camera/share/hik_camera/config/camera.yaml
-- Up-to-date: /home/zym/ros2-kit/ros2_ws/install/hik_camera/share/hik_camera/rviz
-- Up-to-date: /home/zym/ros2-kit/ros2_ws/install/hik_camera/share/hik_camera/rviz/camera.rviz
-- Up-to-date: /home/zym/ros2-kit/ros2_ws/install/hik_camera/share/ament_index/resource_index/package_run_dependencies/hik_camera
-- Up-to-date: /home/zym/ros2-kit/ros2_ws/install/hik_camera/share/ament_index/resource_index/parent_prefix_path/hik_camera
-- Up-to-date: /home/zym/ros2-kit/ros2_ws/install/hik_camera/share/hik_camera/environment/ament_prefix_path.sh
-- Up-to-date: /home/zym/ros2-kit/ros2_ws/install/hik_camera/share/hik_camera/environment/ament_prefix_path.dsv
-- Up-to-date: /home/zym/ros2-kit/ros2_ws/install/hik_camera/share/hik_camera/environment/path.sh
-- Up-to-date: /home/zym/ros2-kit/ros2_ws/install/hik_camera/share/hik_camera/environment/path.dsv
-- Up-to-date: /home/zym/ros2-kit/ros2_ws/install/hik_camera/share/hik_camera/local_setup.bash
-- Up-to-date: /home/zym/ros2-kit/ros2_ws/install/hik_camera/share/hik_camera/local_setup.sh
-- Up-to-date: /home/zym/ros2-kit/ros2_ws/install/hik_camera/share/hik_camera/local_setup.zsh
-- Up-to-date: /home/zym/ros2-kit/ros2_ws/install/hik_camera/share/hik_camera/local_setup.dsv
-- Installing: /home/zym/ros2-kit/ros2_ws/install/hik_camera/share/hik_camera/package.dsv
-- Up-to-date: /home/zym/ros2-kit/ros2_ws/install/hik_camera/share/ament_index/resource_index/packages/hik_camera
-- Up-to-date: /home/zym/ros2-kit/ros2_ws/install/hik_camera/share/hik_camera/cmake/hik_cameraConfig.cmake
-- Up-to-date: /home/zym/ros2-kit/ros2_ws/install/hik_camera/share/hik_camera/cmake/hik_cameraConfig-version.cmake
-- Up-to-date: /home/zym/ros2-kit/ros2_ws/install/hik_camera/share/hik_camera/package.xml
Finished <<< hik_camera [0.08s]

Summary: 1 package finished [0.18s]
Starting >>> hik_camera
UpdateCTestConfiguration  from :/home/zym/ros2-kit/ros2_ws/build/hik_camera/CTestConfiguration.ini
Parse Config file:/home/zym/ros2-kit/ros2_ws/build/hik_camera/CTestConfiguration.ini
   Site: zym-TX-Gaming-FX608LM-FX608LM
   Build name: (empty)
 Add coverage exclude regular expressions.
Create new tag: 20260930-1341 - Experimental
UpdateCTestConfiguration  from :/home/zym/ros2-kit/ros2_ws/build/hik_camera/CTestConfiguration.ini
Parse Config file:/home/zym/ros2-kit/ros2_ws/build/hik_camera/CTestConfiguration.ini
Test project /home/zym/ros2-kit/ros2_ws/build/hik_camera
Constructing a list of tests
Done constructing a list of tests
Updating test list for fixtures
Added 0 tests to meet fixture requirements
Checking test dependency graph...
Checking test dependency graph end
test 1
    Start 1: backend_transaction_test

1: Test command: /home/zym/ros2-kit/ros2_ws/build/hik_camera/backend_test
1: Test timeout computed to be: 10000000
1: PASS: serial selection, bounds, nonfinite, partial rollback, stop/start failure, conversion buffer release, offline reject, rollback failure close, reconnect restore
1/1 Test #1: backend_transaction_test .........   Passed    0.00 sec

100% tests passed, 0 tests failed out of 1

Total Test time (real) =   0.00 sec
Finished <<< hik_camera [0.03s]

Summary: 1 package finished [0.14s]
Summary: 1 test, 0 errors, 0 failures, 0 skipped
Internal ctest changing into directory: /home/zym/ros2-kit/ros2_ws/build/hik_camera
Test project /home/zym/ros2-kit/ros2_ws/build/hik_camera
    Start 1: backend_transaction_test
1/1 Test #1: backend_transaction_test .........   Passed    0.00 sec

100% tests passed, 0 tests failed out of 1

Total Test time (real) =   0.00 sec
构建与无硬件测试完成。关闭 MVS 后运行：bash 02_run.sh
